No license specified
	 org.example:blubber_2.12:0.1

The Apache Software License, Version 2.0
	 org.codehaus.jackson:jackson-mapper-asl:1.9.11
	 org.codehaus.jackson:jackson-core-asl:1.9.11

The MIT License
	 com.codahale:jerkson_2.9.1:0.5.0